[www.onramper.com/index.html]
[backblue.gif]
[fade.gif]
[index.html]
[cdn.prod.website-files.com/67a0d60e32c158a5f3186d6f/css/onramper.webflow.shared.bb52ac831.min.css]
[cdn.prod.website-files.com/67a0d60e32c158a5f3186d6f/css/onramper.webflow.67a0d60e32c158a5f3186d76.eab3ab00b.opt.min.css]
[cdn.prod.website-files.com/67a0d60e32c158a5f3186d6f/69eb67130b706ed01a9dc670_32x32-Favicon.png]
[cdn.prod.website-files.com/67a0d60e32c158a5f3186d6f/69eb6718e4b9d398e6395b85_256x256-Favicon.png]
[pagead2.googlesyndication.com/pagead/js/f0341.txt]
[cdn.prod.website-files.com/67a0d60e32c158a5f3186d6f/6544eda5f000985a163a8687/685a9e2f69cc8034d2d80aa4/finsweetcomponentsconfig-1.0.7.js]
[www.onramper.com/download-report.html]
[api.consentpro.com/v1/cdn/runtime/67a0d60e32c158a5f3186d6f/7f86d0d73696232f.js]
[cdn.prod.website-files.com/67a0d60e32c158a5f3186d6f/69bd539b40cf08e80d177196_Frame 2087328337.png]
[www.onramper.com/buy.html]
[www.onramper.com/enterprise.html]
[www.onramper.com/coverage.html]
[www.onramper.com/products/onramp.html]
[www.onramper.com/products/swap.html]
[www.onramper.com/products/offramp.html]
[www.onramper.com/products/terminal.html]
[www.onramper.com/pricing.html]
[www.onramper.com/widget.html]
[www.onramper.com/products/headless-ramps.html]
[www.onramper.com/blog.html]
[www.onramper.com/about.html]
[www.onramper.com/brand-assets.html]
[www.onramper.com/token-listing.html]
[www.onramper.com/privacy-policy.html]
[www.onramper.com/terms-conditions.html]
[cdn.prod.website-files.com/67a0d60e32c158a5f3186d6f/67c883f32ba2266af28be38c_logotype-light.png]
[d3e54v103j8qbb.cloudfront.net/js/jquery-3.5.1.min.dc5e7f18c8576a.js]
[cdn.prod.website-files.com/67a0d60e32c158a5f3186d6f/js/webflow.schunk.f2efb3c5440a81cf.js]
[cdn.prod.website-files.com/67a0d60e32c158a5f3186d6f/js/webflow.schunk.0f13989fc0858ec8.js]
[cdn.prod.website-files.com/67a0d60e32c158a5f3186d6f/js/webflow.d2d64a81.792df4830ab25651.js]
[js-eu1.hs-scripts.com/25851164.js]
[storage.googleapis.com/otherlife-public-assets-prod/onramper/scripts/main.BPMYwEVf.js]
[www.onramper.com/index.html]
[cdn.prod.website-files.com/67a0d60e32c158a5f3186d6f/css/onramper.webflow.shared.bb52ac831.min.css]
[cdn.prod.website-files.com/67a0d60e32c158a5f3186d6f/css/onramper.webflow.67a0d60e32c158a5f3186d76.eab3ab00b.opt.min.css]
[www.googletagmanager.com/gtm5445.html]
[hubspotonwebflow.com/assets/js/form-124.js]
[cdn.prod.website-files.com/67a0d60e32c158a5f3186d6f/css/onramper.webflow.6824ad236a07ffd4ddc7a1f1.a3995bee0.opt.min.css]
[cdn.prod.website-files.com/67a0d60e32c158a5f3186d6f/69bd4e03d72b5efe1d8f18a3_Frame 2087328336.png]
[www.onramper.com/download-report.html]
[cdn.prod.website-files.com/67a0d60e32c158a5f3186d6f/css/onramper.webflow.68b18306d399351ebeb71850.8b8823e34.opt.min.css]
[cdn.jsdelivr.net/npm/gsap@3.13.0/dist/gsap.min.js]
[cdn.prod.website-files.com/67a0d60e32c158a5f3186d6f/68b325ecb6e6b2f1c847a39c_bitcoin-btc-logo.png]
[cdn.prod.website-files.com/67a0d60e32c158a5f3186d6f/68b325e8d9bd6601d50b3ed3_cardano.png]
[cdn.prod.website-files.com/67a0d60e32c158a5f3186d6f/68b325e8ca27902565de933e_ethereum.png]
[cdn.prod.website-files.com/67a0d60e32c158a5f3186d6f/68b325e8ba111a43f92248ef_solana.png]
[cdn.prod.website-files.com/67a0d60e32c158a5f3186d6f/6830a828be7b81f34560aa27_67be05f5b90313b9f852ab60_logo-mark 1.png]
[alternative.me/crypto/fear-and-greed-index.png]
[www.onramper.com/buy.html]
[cdn.prod.website-files.com/67a0d60e32c158a5f3186d6f/js/webflow.bf127c75.e415df6b8cdc241e.js]
[cdn.prod.website-files.com/67a0d60e32c158a5f3186d6f/css/onramper.webflow.67be3084c7388e4565d33426.8aa9fd354.opt.min.css]
[www.onramper.com/enterprise.html]
[cdn.prod.website-files.com/67a0d60e32c158a5f3186d6f/js/webflow.1f35b5e0.8997a5b8b1916689.js]
[www.onramper.com/coverage.html]
[cdn.prod.website-files.com/67a0d60e32c158a5f3186d6f/css/onramper.webflow.67d2ee6ed93979f65e5887bd.83b485ca4.opt.min.css]
[cdn.prod.website-files.com/67a0d60e32c158a5f3186d6f/css/onramper.webflow.67d097608fec2d48764bc3d0.9931b7b31.opt.min.css]
[cdn.prod.website-files.com/67a0d60e32c158a5f3186d6f/67d96c76033d0cf0012d4d08_89e12732ea7e24049665b68c417699cc_widget-1.png]
[cdn.prod.website-files.com/67b7793088b7edd898c6368d/67d9b191f6cb0387b9a03aaf_profile-pic.png]
[www.onramper.com/products/onramp.html]
[www.onramper.com/products/swap.html]
[cdn.prod.website-files.com/67a0d60e32c158a5f3186d6f/css/onramper.webflow.67d0fc57f4965edf0fd634b5.fe2c5ce9e.opt.min.css]
[cdn.prod.website-files.com/67a0d60e32c158a5f3186d6f/css/onramper.webflow.67d104d6832411e78e3fca69.c5066c1b1.opt.min.css]
[cdn.prod.website-files.com/67a0d60e32c158a5f3186d6f/681b62e918f8479f23004fd4_solflare.png]
[cdn.prod.website-files.com/67a0d60e32c158a5f3186d6f/681b62f39c8d1964aba39326_Logo.png]
[cdn.prod.website-files.com/67a0d60e32c158a5f3186d6f/681b6309312dbc6b597a2d18_Exodus_logo_dark 1.png]
[www.onramper.com/products/offramp.html]
[www.onramper.com/products/terminal.html]
[cdn.prod.website-files.com/67a0d60e32c158a5f3186d6f/css/onramper.webflow.67d232f846889570e6a6b2dc.9e04a559b.opt.min.css]
[www.onramper.com/pricing.html]
[cdn.prod.website-files.com/67a0d60e32c158a5f3186d6f/css/onramper.webflow.67bf89a0c803bd2c7077727b.34eadf863.opt.min.css]
[www.onramper.com/widget.html]
[cdn.prod.website-files.com/67a0d60e32c158a5f3186d6f/css/onramper.webflow.67d22979e5d01a72dc170aba.714c28771.opt.min.css]
[www.onramper.com/products/_r/logos/onramper-logotype-light.svg]
[www.onramper.com/products/_r/features/token-motif.avif]
[www.onramper.com/products/_next/static/css/4202748fd951c6b4.css]
[www.onramper.com/products/_next/static/chunks/webpack-eb31b023d03a4b01.js]
[www.onramper.com/products/_next/static/chunks/fd9d1056-b7b81d1112e264a8.js]
[www.onramper.com/products/_next/static/chunks/117-a7fa3cae879ddf14.js]
[www.onramper.com/products/_next/static/chunks/main-app-213cb44735447706.js]
[www.onramper.com/products/_next/static/chunks/972-f40e65c6bdde20b4.js]
[www.onramper.com/products/_next/static/chunks/307-7a7686ba05c8a1ac.js]
[www.onramper.com/products/_next/static/chunks/393-8ffdb9b12662ed97.js]
[www.onramper.com/products/_next/static/chunks/app/products/headless-ramps/page-e9850081457da172.js]
[www.onramper.com/products/_next/static/chunks/app/layout-058fb6e23ee81c06.js]
[www.onramper.com/products/_r/favicon-32x32.png]
[www.onramper.com/products/_next/static/chunks/polyfills-42372ed130431b0a.js]
[www.onramper.com/products/_r/logos/partners/CoinbaseWallet.svg]
[www.onramper.com/products/_r/logos/partners/Exodus.svg]
[www.onramper.com/products/_r/logos/partners/Trust.svg]
[www.onramper.com/products/_r/logos/partners/Bitcoin.com.svg]
[www.onramper.com/products/_r/logos/partners/SolflareLogo-white.svg]
[www.onramper.com/products/_r/logos/partners/Jupiter.svg]
[www.onramper.com/products/_r/logos/partners/Gate.io.svg]
[www.onramper.com/products/_r/logos/partners/Bitget.svg]
[www.onramper.com/products/_r/logos/partners/Zengo.svg]
[www.onramper.com/products/_r/logos/partners/Moonshot.svg]
[www.onramper.com/products/_r/features/headless-token-1.avif]
[www.onramper.com/products/_r/logos/onramps/stripe-mark.svg]
[www.onramper.com/products/_r/logos/onramps/transak-mark.svg]
[www.onramper.com/products/_r/logos/onramps/ramp-mark.svg]
[www.onramper.com/products/_r/features/headless-token-4.avif]
[www.onramper.com/products/_r/features/sdk.avif]
[www.onramper.com/products/_r/features/token-bg-2.avif]
[www.onramper.com/products/_r/features/apple-pay.avif]
[www.onramper.com/products/_r/features/token-bg-4.avif]
[www.onramper.com/products/_r/features/ui-ownership.avif]
[www.onramper.com/products/_r/fpo-coins.png]
[www.onramper.com/products/_r/products/onramp-bg.avif]
[www.onramper.com/products/_r/logomark.svg]
[www.onramper.com/products/_r/products/offramp-bg.avif]
[www.onramper.com/products/_r/products/swaps-bg.avif]
[www.onramper.com/products/_r/products/terminal-bg.avif]
[www.onramper.com/products/headless-ramps.html]
[cdn.prod.website-files.com/67a0d60e32c158a5f3186d6f/css/onramper.webflow.67bf7dd0ea04323454553c1c.71d9bb012.opt.min.css]
[cdn.jsdelivr.net/npm/@finsweet/attributes-cmsfilter@1/cmsfilter.js]
[cdn.jsdelivr.net/npm/@finsweet/attributes-cmsload@1/cmsload.js]
[www.onramper.com/blog/trust-wallet-joins-forces-with-onramper-to-drive-global-expansion.html]
[cdn.prod.website-files.com/67b7793088b7edd898c6368d/6900c1b14d0fd14f79771ddf_ORxTrust.png]
[www.onramper.com/blog/onramper-and-exodus-launch-cross-chain-swaps.html]
[cdn.prod.website-files.com/67b7793088b7edd898c6368d/687905bdee287e80bde35809_Swaps has arrived.png]
[www.onramper.com/blog/mistakes-wallets-make-when-designing-their-on-ramp-flows.html]
[cdn.prod.website-files.com/67b7793088b7edd898c6368d/6878f69c000e6a11cc887d85_LINewsLetterHeaderImage-2.png]
[cdn.prod.website-files.com/67b7793088b7edd898c6368d/68221c55945ce866fe3dce79_H0msvQ9qzLjIocepcWfbj4KD8M.png]
[cdn.prod.website-files.com/67b7793088b7edd898c6368d/68221c553f779f02e8541640_Wl5YH8YOZAT19h3fXcNCazx2D8.png]
[www.onramper.com/blog/the-fatal-flaw-of-price-based-rankings.html]
[cdn.prod.website-files.com/67b7793088b7edd898c6368d/6878f9bb211e3064ed17f7d3_fatalflaws1.png]
[cdn.prod.website-files.com/67b7793088b7edd898c6368d/68221827a451e35e835cb8dc_4ZLZrSHhGtfKHqOetdcEoybZuw.png]
[cdn.prod.website-files.com/67b7793088b7edd898c6368d/682218271c0e0269cbaee084_9VQelQDPbxUqhyDFHmcRVLDCOQ.png]
[www.onramper.com/blog/moonshot-unlocks-180-payment-methods-for-traders-with-onramper-partnership.html]
[cdn.prod.website-files.com/67b7793088b7edd898c6368d/69dfcb87e1adf93b70fc617f_ORxmoonshot.png]
[www.onramper.com/blog/best-crypto-onramp-guide-2026-top-providers-aggregators-reviewed.html]
[cdn.prod.website-files.com/67b7793088b7edd898c6368d/69bd4edf200444e75ad49961_Cover-OnrampGuide26.png]
[cdn.prod.website-files.com/67b7793088b7edd898c6368d/69bd517e88c21d87ea63a1d8_CountryLocalMethodConversionRate.png]
[cdn.prod.website-files.com/67b7793088b7edd898c6368d/69bd51af0fd2c8b30e7fca74_SingleProviderVsOnramper.png]
[www.onramper.com/blog/onramper-expands-global-payments-coverage-with-integration-to-kraken-via-payward-ramp.html]
[cdn.prod.website-files.com/67b7793088b7edd898c6368d/699e126797470e8646feae98_ORxKrakenRamp.png]
[www.onramper.com/blog/cosine-wallet-partners-with-onramper-to-expand-global-crypto-access.html]
[cdn.prod.website-files.com/67b7793088b7edd898c6368d/699d84e5c2af145b82fe3d48_ORxCosine.png]
[www.onramper.com/blog/onramper-integrates-ramp-network-to-expand-global-crypto-payment-options.html]
[cdn.prod.website-files.com/67b7793088b7edd898c6368d/6979c5e587841b0a8270b7ed_ORxRampNetwork.png]
[www.onramper.com/blog/wello-joins-onrampers-network-to-expand-crypto-onboarding-in-nigeria.html]
[cdn.prod.website-files.com/67b7793088b7edd898c6368d/6942ca993dca985a49b17012_ORxWello.png]
[www.onramper.com/blog/haha-wallet-partners-with-onramper-to-expand-access-to-the-monad-ecosystem.html]
[cdn.prod.website-files.com/67b7793088b7edd898c6368d/6942c2f04b30642469dcf850_ORxHaha.png]
[www.onramper.com/blog/introducing-our-new-crypto-trading-portal-the-easiest-way-to-buy-sell-and-swap.html]
[cdn.prod.website-files.com/67b7793088b7edd898c6368d/693817b410b8c259047178a0_ORB2C.png]
[cdn.prod.website-files.com/67b7793088b7edd898c6368d/693820ca748d84ad88eec18b_ORB2C.png]
[cdn.prod.website-files.com/67b7793088b7edd898c6368d/693820ecaf47dfde7c147005_trade.png]
[cdn.prod.website-files.com/67b7793088b7edd898c6368d/6938212d32a3bb647b4af5ba_meme.png]
[www.onramper.com/blog/axiom-partners-with-onramper-to-power-seamless-defi-trading.html]
[cdn.prod.website-files.com/67b7793088b7edd898c6368d/6936afa65032485c4eed89fa_ORxAxiom.png]
[www.onramper.com/blog/zengo-enters-partnership-with-onramper-to-unlock-global-crypto-access.html]
[cdn.prod.website-files.com/67b7793088b7edd898c6368d/690b59b26b8f519604b557b5_ORxZengo.png]
[cdn.prod.website-files.com/67b7793088b7edd898c6368d/68ef94890e80ef975642de8a_ORxPaybis.png]
[www.onramper.com/blog/leap-wallet-integrates-onramper-for-exclusive-fiat-to-crypto-onramping.html]
[cdn.prod.website-files.com/67b7793088b7edd898c6368d/6888d77efeb48a7f09993ab2_ORxLeap.png]
[www.onramper.com/blog.html]
[www.onramper.com/bloga4f6.html]
[www.onramper.com/about.html]
[cdn.prod.website-files.com/67a0d60e32c158a5f3186d6f/css/onramper.webflow.681f8d7f7f7f1456694d2ec6.91bd45f6a.opt.min.css]
[cdn.prod.website-files.com/67a0d60e32c158a5f3186d6f/css/onramper.webflow.67c86782da61e587cc066792.b2728f1bf.opt.min.css]
[cdn.prod.website-files.com/67a0d60e32c158a5f3186d6f/67c881a8e0967081835cdad1_logomark-light.png]
[www.onramper.com/brand-assets.html]
[storage.googleapis.com/otherlife-public-assets-prod/onramper/scripts/main.w-G8CsFY.js]
[www.onramper.com/token-listing.html]
[cdn.prod.website-files.com/67a0d60e32c158a5f3186d6f/css/onramper.webflow.682f15d9fb5cd15c2aa0e190.425356eca.opt.min.css]
[www.onramper.com/privacy-policy.html]
[cdn.prod.website-files.com/67a0d60e32c158a5f3186d6f/css/onramper.webflow.682aff8c7fb7522b6c05564e.bc7ac2143.opt.min.css]
[www.onramper.com/terms-conditions.html]
[cdn.prod.website-files.com/67a0d60e32c158a5f3186d6f/css/onramper.webflow.6824ad236a07ffd4ddc7a1f1.a3995bee0.opt.min.css]
[cdn.prod.website-files.com/67a0d60e32c158a5f3186d6f/css/onramper.webflow.68b18306d399351ebeb71850.8b8823e34.opt.min.css]
[cdn.prod.website-files.com/67a0d60e32c158a5f3186d6f/css/onramper.webflow.67be3084c7388e4565d33426.8aa9fd354.opt.min.css]
[cdn.prod.website-files.com/67a0d60e32c158a5f3186d6f/css/onramper.webflow.67d2ee6ed93979f65e5887bd.83b485ca4.opt.min.css]
[cdn.prod.website-files.com/67a0d60e32c158a5f3186d6f/css/onramper.webflow.67d097608fec2d48764bc3d0.9931b7b31.opt.min.css]
[cdn.prod.website-files.com/67a0d60e32c158a5f3186d6f/css/onramper.webflow.67d0fc57f4965edf0fd634b5.fe2c5ce9e.opt.min.css]
[cdn.prod.website-files.com/67a0d60e32c158a5f3186d6f/css/onramper.webflow.67d104d6832411e78e3fca69.c5066c1b1.opt.min.css]
[cdn.prod.website-files.com/67a0d60e32c158a5f3186d6f/css/onramper.webflow.67d232f846889570e6a6b2dc.9e04a559b.opt.min.css]
[cdn.prod.website-files.com/67a0d60e32c158a5f3186d6f/css/onramper.webflow.67bf89a0c803bd2c7077727b.34eadf863.opt.min.css]
[cdn.prod.website-files.com/67a0d60e32c158a5f3186d6f/css/onramper.webflow.67d22979e5d01a72dc170aba.714c28771.opt.min.css]
[www.onramper.com/products/_r/logos/onramper-logotype-light.svg]
[cdn.prod.website-files.com/67a0d60e32c158a5f3186d6f/css/onramper.webflow.682ccbb82fac9efe7dd87b4f.89f0a7d7b.opt.min.css]
[www.onramper.com/products/_r/SaansRegular.otf]
[www.onramper.com/products/_next/static/css/4202748fd951c6b4.css]
[www.onramper.com/products/_r/logos/partners/CoinbaseWallet.svg]
[www.onramper.com/products/_r/logos/partners/Exodus.svg]
[www.onramper.com/products/_r/logos/partners/Trust.svg]
[www.onramper.com/products/_r/logos/partners/Bitcoin.com.svg]
[www.onramper.com/products/_r/logos/partners/SolflareLogo-white.svg]
[www.onramper.com/products/_r/logos/partners/Jupiter.svg]
[www.onramper.com/products/_r/logos/partners/Gate.io.svg]
[www.onramper.com/products/_r/logos/partners/Bitget.svg]
[www.onramper.com/products/_r/logos/partners/Zengo.svg]
[www.onramper.com/products/_r/logos/partners/Moonshot.svg]
[www.onramper.com/products/_r/logos/onramps/moonpay-mark.svg]
[www.onramper.com/products/_r/logos/onramps/stripe-mark.svg]
[www.onramper.com/products/_r/logos/onramps/transak-mark.svg]
[www.onramper.com/products/_r/logos/onramps/ramp-mark.svg]
[www.onramper.com/products/_r/logos/onramps/banxa-mark.svg]
[www.onramper.com/products/_r/logos/onramps/coinify-mark.svg]
[www.onramper.com/products/_r/logomark.svg]
[www.onramper.com/products/_r/SaansMedium.otf]
[cdn.prod.website-files.com/67a0d60e32c158a5f3186d6f/css/onramper.webflow.67bf7dd0ea04323454553c1c.71d9bb012.opt.min.css]
[www.onramper.com/blog/trust-wallet-joins-forces-with-onramper-to-drive-global-expansion.html]
[www.onramper.com/blog/onramper-and-exodus-launch-cross-chain-swaps.html]
[www.onramper.com/blog/mistakes-wallets-make-when-designing-their-on-ramp-flows.html]
[www.onramper.com/blog/the-fatal-flaw-of-price-based-rankings.html]
[www.onramper.com/blog/moonshot-unlocks-180-payment-methods-for-traders-with-onramper-partnership.html]
[www.onramper.com/blog/best-crypto-onramp-guide-2026-top-providers-aggregators-reviewed.html]
[www.onramper.com/blog/onramper-expands-global-payments-coverage-with-integration-to-kraken-via-payward-ramp.html]
[www.onramper.com/blog/cosine-wallet-partners-with-onramper-to-expand-global-crypto-access.html]
[www.onramper.com/blog/onramper-integrates-ramp-network-to-expand-global-crypto-payment-options.html]
[www.onramper.com/blog/wello-joins-onrampers-network-to-expand-crypto-onboarding-in-nigeria.html]
[www.onramper.com/blog/haha-wallet-partners-with-onramper-to-expand-access-to-the-monad-ecosystem.html]
[www.onramper.com/blog/introducing-our-new-crypto-trading-portal-the-easiest-way-to-buy-sell-and-swap.html]
[www.onramper.com/blog/axiom-partners-with-onramper-to-power-seamless-defi-trading.html]
[www.onramper.com/blog/zengo-enters-partnership-with-onramper-to-unlock-global-crypto-access.html]
[www.onramper.com/blog/leap-wallet-integrates-onramper-for-exclusive-fiat-to-crypto-onramping.html]
[cdn.prod.website-files.com/67a0d60e32c158a5f3186d6f/css/onramper.webflow.67bf652f28fc882ef4dc57df.2382f8524.opt.min.css]
[www.onramper.com/blog/helio-partners-with-onramper-to-power-unique-card-to-stablecoin-payments-for-global-merchants.html]
[cdn.prod.website-files.com/67b7793088b7edd898c6368d/6878f435e6de2d78bdafa376_ORxHelio.png]
[www.onramper.com/blog/onramper-partners-with-opera-s-minipay-to-expand-global-access-to-stablecoins.html]
[cdn.prod.website-files.com/67b7793088b7edd898c6368d/6878f1195f5d150e71c8736c_ORxMiniPay.png]
[www.onramper.com/blog/xverse-partners-with-onramper-to-expand-global-accessibility-to-bitcoin.html]
[cdn.prod.website-files.com/67b7793088b7edd898c6368d/6878f1217c69acb5ee8863cb_ORxXverse.png]
[cdn.prod.website-files.com/67b7793088b7edd898c6368d/6878f65f5ffd51067d667b68_ORxtoken.com.png]
[www.onramper.com/blog/the-one-more-integration-trap-why-great-pms-don-t-fall-for-it.html]
[cdn.prod.website-files.com/67b7793088b7edd898c6368d/6878f66e1d4f9d67ea1b2c0f_PMPush.png]
[www.onramper.com/blog/onramping-mistakes-wallets-make-part-ii.html]
[cdn.prod.website-files.com/67b7793088b7edd898c6368d/6878f6a2182bd47076d567e3_LINewsLetterHeaderImage-2-1.png]
[cdn.prod.website-files.com/67b7793088b7edd898c6368d/68221d7a45ce70c420a98850_mNfp1B5c5U4QRCyOKauZIPacJfU.png]
[cdn.prod.website-files.com/67b7793088b7edd898c6368d/68221d79ae2811a08fff02a6_Xu369gBTOiLUW4IwbllE2ZJ2p7k.png]
[cdn.prod.website-files.com/67b7793088b7edd898c6368d/68221d796e3c8ad5444ac20e_HUIZ3VpN4clhfTMCAQ8Vceq80Q.png]
[cdn.prod.website-files.com/67b7793088b7edd898c6368d/68221d79467f8fdcc9d21362_VsqX5tE6ZkZUxzgu6uJzw6sZSHw.png]
[cdn.prod.website-files.com/67b7793088b7edd898c6368d/68221d793aa0d867c04e9888_Vsv9lohsHkjmzo18QfwrFjN0Y.png]
[cdn.prod.website-files.com/67b7793088b7edd898c6368d/68221d7a2ec7f7e34cd4b559_I9TsUjSyw9Ta3TEVloLi786klqQ.png]
[cdn.prod.website-files.com/67b7793088b7edd898c6368d/68221d7afdc8bb0110fadb46_yv24sSxCE6l2tJ0uJGKqH9xKpQ.png]
[cdn.prod.website-files.com/67b7793088b7edd898c6368d/68221d79728410bf4d0c7916_gIu0p70nwRCQDw97p01SoQAO1c0.png]
[cdn.prod.website-files.com/67b7793088b7edd898c6368d/6878f1ac630c227664f43517_ORxBitcoin.com.png]
[www.onramper.com/blog/bitcoin-com-partnership.html]
[www.onramper.com/blog/yellow-card-partners-with-onramper-to-enhance-crypto-onboarding-in-africa.html]
[cdn.prod.website-files.com/67b7793088b7edd898c6368d/6878f6b4045661773ac195d4_ORxYellowCard.png]
[www.onramper.com/blog/worldcoin-launches-world-chain-partners-with-onramper-to-support-ramps-infrastructure.html]
[cdn.prod.website-files.com/67b7793088b7edd898c6368d/6878f6c3b69ebfd2263b2777_ORxWorldcoin.png]
[www.onramper.com/blog/gate-io-enters-strategic-partnership-with-onramper.html]
[cdn.prod.website-files.com/67b7793088b7edd898c6368d/6878f6ca28ff958724db99ff_ORxGate.io.png]
[www.onramper.com/blog/unlocking-high-conversions.html]
[cdn.prod.website-files.com/67b7793088b7edd898c6368d/6878f922794bda84ad7d1848_APMvsCards.png]
[cdn.prod.website-files.com/67b7793088b7edd898c6368d/6822191c257f4c243ca34d8d_yibJsPDEYN1zXjxFT25zUt5BLk.png]
[cdn.prod.website-files.com/67b7793088b7edd898c6368d/6822191dd687cb35a7b04db9_Ns8Jkx85UecSoNxAZSZgQgRgxPs.png]
[cdn.prod.website-files.com/67b7793088b7edd898c6368d/6822191dedcde8da59efb44d_GOVkwKE8kaL7YmEPgMsxfONmCuQ.png]
[www.onramper.com/blog/the-fatal-flaw-of-price-based-rankings-part-ii.html]
[cdn.prod.website-files.com/67b7793088b7edd898c6368d/6878f9c3f57c84f25d6e6ced_fatalflaws2.png]
[cdn.prod.website-files.com/67b7793088b7edd898c6368d/685a8268298062b3b0f69ae8_BlogImg-22.png]
[cdn.prod.website-files.com/67b7793088b7edd898c6368d/685a828459e95ff5cf653162_BlogImg-2.png]
[www.onramper.com/bloga4f6.html]
[cdn.prod.website-files.com/67a0d60e32c158a5f3186d6f/css/onramper.webflow.681f8d7f7f7f1456694d2ec6.91bd45f6a.opt.min.css]
[cdn.prod.website-files.com/67a0d60e32c158a5f3186d6f/css/onramper.webflow.67c86782da61e587cc066792.b2728f1bf.opt.min.css]
[cdn.prod.website-files.com/67a0d60e32c158a5f3186d6f/css/onramper.webflow.682f15d9fb5cd15c2aa0e190.425356eca.opt.min.css]
[cdn.prod.website-files.com/67a0d60e32c158a5f3186d6f/css/onramper.webflow.682aff8c7fb7522b6c05564e.bc7ac2143.opt.min.css]
[cdn.prod.website-files.com/67a0d60e32c158a5f3186d6f/css/onramper.webflow.682ccbb82fac9efe7dd87b4f.89f0a7d7b.opt.min.css]
[www.onramper.com/blog9d45.html]
[www.onramper.com/blogf880.html]
[cdn.prod.website-files.com/67a0d60e32c158a5f3186d6f/css/onramper.webflow.67bf652f28fc882ef4dc57df.2382f8524.opt.min.css]
[www.onramper.com/blog/helio-partners-with-onramper-to-power-unique-card-to-stablecoin-payments-for-global-merchants.html]
[www.onramper.com/blog/onramper-partners-with-opera-s-minipay-to-expand-global-access-to-stablecoins.html]
[www.onramper.com/blog/xverse-partners-with-onramper-to-expand-global-accessibility-to-bitcoin.html]
[www.onramper.com/blog/the-one-more-integration-trap-why-great-pms-don-t-fall-for-it.html]
[www.onramper.com/blog/onramping-mistakes-wallets-make-part-ii.html]
[www.onramper.com/blog/bitcoin-com-partnership.html]
[www.onramper.com/blog/yellow-card-partners-with-onramper-to-enhance-crypto-onboarding-in-africa.html]
[www.onramper.com/blog/worldcoin-launches-world-chain-partners-with-onramper-to-support-ramps-infrastructure.html]
[www.onramper.com/blog/gate-io-enters-strategic-partnership-with-onramper.html]
[www.onramper.com/blog/unlocking-high-conversions.html]
[www.onramper.com/blog/the-fatal-flaw-of-price-based-rankings-part-ii.html]
[www.onramper.com/blog9d45.html]
[www.onramper.com/blog/revolut-joins-forces-with-onramper-to-deliver-seamless-fiat-to-crypto-swaps.html]
[cdn.prod.website-files.com/67b7793088b7edd898c6368d/6878fa7d3d2a88f2bcdb7507_ORxrevolut.png]
[www.onramper.com/blog/onramper-x-wallet-in-telegram-building-the-ton-onboarding-rails.html]
[cdn.prod.website-files.com/67b7793088b7edd898c6368d/68790624ac2dcd4e155f6254_Telegram.png]
[www.onramper.com/blog/onramper-q1-2024-roundup.html]
[cdn.prod.website-files.com/67b7793088b7edd898c6368d/6878fafcb69ebfd2263df30c_OR2024Round.png]
[www.onramper.com/blog/banxa-joins-forces-with-onramper.html]
[cdn.prod.website-files.com/67b7793088b7edd898c6368d/6878fba6003d1e5d1a2933d5_ORxbanxa.png]
[www.onramper.com/blog/how-web3-businesses-can-onboard-more-users-with-integrated-onramps.html]
[cdn.prod.website-files.com/67b7793088b7edd898c6368d/6878fc3c9246a9c6321d5ff2_BL010 Banner.png]
[cdn.prod.website-files.com/67b7793088b7edd898c6368d/682212ff3c19af135bb6a8a5_YFMswjJZdD5GDrhnNVDsx8BCq0.png]
[www.onramper.com/blog/why-use-a-fiat-to-crypto-onramp-aggregator.html]
[cdn.prod.website-files.com/67b7793088b7edd898c6368d/6878fbf1ceedfbc553b43dfc_AggregatorvsNon.png]
[www.onramper.com/blog/fee-based-onramp-routing-is-costing-you-business.html]
[cdn.prod.website-files.com/67b7793088b7edd898c6368d/6878fc5d0f6ae4c619d761fd_BL009 Banner.png]
[www.onramper.com/blog/welcoming-alchemy-pay-to-the-onramper-family.html]
[cdn.prod.website-files.com/67b7793088b7edd898c6368d/6878fce08ff181298f06431d_ORxalchemy.png]
[www.onramper.com/blog/from-diy-to-dependable-infrastructure-how-cake-wallet-5x-ed-their-onramping-stack.html]
[cdn.prod.website-files.com/67b7793088b7edd898c6368d/6878fd5fdc7addc602a57c09_ORxCake.png]
[www.onramper.com/blog/six-misconceptions-about-fiat-onramp-aggregators.html]
[cdn.prod.website-files.com/67b7793088b7edd898c6368d/687902e958d5a7dbd8267253_busted.png]
[cdn.prod.website-files.com/67b7793088b7edd898c6368d/68220ddb5770bb2633358b75_JADSppNQkkodYBJmir7IxFpXk0.png]
[cdn.prod.website-files.com/67b7793088b7edd898c6368d/68220ddaa3e72c1ce67b9cb1_6EJdM6lEJPlXVX3kVrnlVegB1Hs.png]
[cdn.prod.website-files.com/67b7793088b7edd898c6368d/68220de012870f6ed30bcb7d_K9iTM1SMAnx2Tj2ZLaw2d2Xys1g.png]
[cdn.prod.website-files.com/67b7793088b7edd898c6368d/68220ddb0742209f09a2a8fc_vQvC0a6PG7KRY7BrEEAGFpZFAs.png]
[cdn.prod.website-files.com/67b7793088b7edd898c6368d/68220ddb3d81f661f1bba0b7_SOQ72FIfdB5VKUlYwkQGEHYHZs.png]
[cdn.prod.website-files.com/67b7793088b7edd898c6368d/68220ddc1d95c8c48ea5684f_lUtoKbzyYeap5gcTt0O9KQjKU.png]
[www.onramper.com/blog/what-s-the-best-fiat-onramp-for-crypto-platforms.html]
[cdn.prod.website-files.com/67b7793088b7edd898c6368d/6879030ad67a1f075bab985d_BL006 Banner.png]
[www.onramper.com/blog/your-guide-to-crypto-onramps.html]
[cdn.prod.website-files.com/67b7793088b7edd898c6368d/68790343285c0262ac20e607_BL001 Banner.png]
[www.onramper.com/blogf880.html]
[www.onramper.com/products/'/products/_r/HeadlessHeroBackground.html]
[www.onramper.com/products/{_pre__[],_integer__[{_type___integer_,_value__1,_key___integer_2_,_pos__2},{_type___integer_,_value__7,_key___integer_1_,_pos__1},{_type___integer_,_value__0,_key___integer_0_,_pos__0}],_f]
[www.onramper.com/products/{_pre__[],_integer__[{_type___integer_,_value__0,_key___integer_0_,_pos__0}],_fraction__[{_type___decimal_,_value___._,_key___decimal_0_},{_type___fraction_,_value__0,_key___fraction_0_,_po]
[www.onramper.com/products/{_pre__[],_integer__[{_type___integer_,_value__8,_key___integer_1_,_pos__1},{_type___integer_,_value__0,_key___integer_0_,_pos__0}],_fraction__[{_type___decimal_,_value___._,_key___decimal_]
[www.onramper.com/blog/onramper-integrates-paybis-to-expand-global-crypto-payment-coverage.html]
[www.onramper.com/blog/revolut-joins-forces-with-onramper-to-deliver-seamless-fiat-to-crypto-swaps.html]
[www.onramper.com/blog/onramper-x-wallet-in-telegram-building-the-ton-onboarding-rails.html]
[www.onramper.com/blog/onramper-q1-2024-roundup.html]
[www.onramper.com/blog/banxa-joins-forces-with-onramper.html]
[www.onramper.com/blog/how-web3-businesses-can-onboard-more-users-with-integrated-onramps.html]
[www.onramper.com/blog/why-use-a-fiat-to-crypto-onramp-aggregator.html]
[www.onramper.com/blog/fee-based-onramp-routing-is-costing-you-business.html]
[www.onramper.com/blog/welcoming-alchemy-pay-to-the-onramper-family.html]
[www.onramper.com/blog/from-diy-to-dependable-infrastructure-how-cake-wallet-5x-ed-their-onramping-stack.html]
[www.onramper.com/blog/six-misconceptions-about-fiat-onramp-aggregators.html]
[www.onramper.com/blog/what-s-the-best-fiat-onramp-for-crypto-platforms.html]
[www.onramper.com/blog/your-guide-to-crypto-onramps.html]
[www.onramper.com/blog5bf0.html]
[cdn.prod.website-files.com/67b7793088b7edd898c6368d/6879042065bd87fbea7ea2b8_ORxSushi.png]
[www.onramper.com/blog/what-businesses-need-to-look-for-in-a-fiat-to-crypto-onramp.html]
[cdn.prod.website-files.com/67b7793088b7edd898c6368d/687904a9d7d953171b869e7b_BL002 Banner Concept 8.png]
[www.onramper.com/blog5bf0.html]
[www.onramper.com/blog/token-com-enters-partnership-with-onramper.html]
[www.onramper.com/blog/what-businesses-need-to-look-for-in-a-fiat-to-crypto-onramp.html]
[www.onramper.com/blog/faster-and-more-intuitive-onramping-widget-in-a-new-look.html]
[cdn.prod.website-files.com/67b7793088b7edd898c6368d/6822000c78ab2046b6503ec3_tjis.jpg]
[www.onramper.com/blog/faster-and-more-intuitive-onramping-widget-in-a-new-look.html]
[www.onramper.com/blog/sushi-and-onramper-empower-millions-to-buy-crypto-via-cards-bank-accounts-and-more.html]
